aopalliance:aopalliance 1.0 compile ok
com.fasterxml.jackson.core:jackson-annotations 2.5.1 compile ok
com.fasterxml.jackson.core:jackson-core 2.5.1 compile ok
com.fasterxml.jackson.core:jackson-databind 2.5.1 compile ok
com.fasterxml.jackson.dataformat:jackson-dataformat-yaml 2.5.1 compile ok
commons-cli:commons-cli 1.2 compile ok
commons-io:commons-io 2.4 compile ok
commons-logging:commons-logging 1.2 compile ok
org.apache.commons:commons-csv 1.1 compile ok
org.apache.logging.log4j:log4j-api 2.2 compile ok
org.apache.logging.log4j:log4j-core 2.2 compile ok
org.apache.logging.log4j:log4j-jcl 2.2 compile ok
org.evolvis.tartools:background-jobs 1.19 compile ok
org.springframework:spring-aop 4.1.4.RELEASE compile ok
org.springframework:spring-beans 4.1.4.RELEASE compile ok
org.springframework:spring-context 4.1.4.RELEASE compile ok
org.springframework:spring-core 4.1.4.RELEASE compile ok
org.springframework:spring-expression 4.1.4.RELEASE compile ok
org.springframework:spring-jdbc 4.1.4.RELEASE compile ok
org.springframework:spring-tx 4.1.4.RELEASE compile ok
org.yaml:snakeyaml 1.12 compile ok
