com.fasterxml.jackson.core:jackson-annotations 2.11.1 compile ok
com.fasterxml.jackson.core:jackson-core 2.11.1 compile ok
com.fasterxml.jackson.core:jackson-databind 2.11.1 compile ok
com.fasterxml.jackson.dataformat:jackson-dataformat-yaml 2.11.1 compile ok
commons-cli:commons-cli 1.4 compile ok
commons-io:commons-io 2.7 compile ok
commons-logging:commons-logging 1.2 compile ok
inside::org.springframework:spring-core:4.3.27.RELEASE::cglib:cglib 3.2.6 embedded ok
inside::org.springframework:spring-core:4.3.27.RELEASE::org.objenesis:objenesis 2.6 embedded ok
inside::org.springframework:spring-core:4.3.27.RELEASE::org.ow2.asm:asm 6.0 embedded ok
junit:junit 4.13 test ok
org.apache.logging.log4j:log4j-api 2.13.3 compile ok
org.apache.logging.log4j:log4j-core 2.13.3 provided ok
org.apache.logging.log4j:log4j-jcl 2.13.3 provided ok
org.assertj:assertj-core 3.16.1 test ok
org.evolvis.tartools:background-jobs 1.25 compile ok
org.evolvis.tartools:csvfile 3.0-SNAPSHOT compile ok
org.hamcrest:hamcrest-core 1.3 test ok
org.mockito:mockito-all 1.10.19 test ok
org.postgresql:postgresql 42.2.14 provided ok
org.springframework:spring-aop 4.3.27.RELEASE compile ok
org.springframework:spring-beans 4.3.27.RELEASE compile ok
org.springframework:spring-context 4.3.27.RELEASE compile ok
org.springframework:spring-core 4.3.27.RELEASE compile ok
org.springframework:spring-expression 4.3.27.RELEASE compile ok
org.springframework:spring-jdbc 4.3.27.RELEASE compile ok
org.springframework:spring-tx 4.3.27.RELEASE compile ok
org.yaml:snakeyaml 1.26 compile ok
